armor snake plug arena hospital fence grit negative goat combine chicken ring 
crisp expire message gasp diamond limb box cruise sport juice high light 
inform people garage gloom connect embrace clutch sorry stereo banana arrange chunk 
casual sting member awkward pond hub nothing exist spin age wagon intact 
burger captain mystery awake tonight rely mutual wrap crazy opinion much goddess 
venture trust coconut jar excuse vehicle please question garment diary october ketchup 
shield account pretty stable fame portion trim gloom asthma marriage wheat clump 
list neglect airport palace reveal divorce want glide gauge crater merry fitness 
tip job main custom distance turkey inquiry next dismiss power crouch share 
drip despair finish breeze main can party brief habit inform purpose pattern 
rule hire tag fog hope squirrel blind plate evolve clip board office 
memory weekend window neck dinosaur robust tree blame open exhibit pull soul 
purpose connect cheap airport planet praise hybrid nuclear gather city chef pear 
picnic place topic escape stem car repair robust caution equal novel leisure 
advance retire chase monster milk length pulse apple awful text average crack 
rather cinnamon twenty wrong antenna kick give display crop please blood modify 
animal pass umbrella globe dizzy used ketchup despair move guitar pool lucky 
buddy negative roast point energy rate topic fiber moment peace canyon fan 
wasp cat like maple reform cereal notice episode whisper catch heart ball 
reopen over laugh bind flower desk worth jewel raise nothing ski vibrant 
excuse country maximum average vanish adjust jelly vessel image tennis two dad 
unit dismiss top best tiny melt horror diamond boat always fancy noodle 
fall marriage matrix worth ticket mandate width deny ostrich license science sock 
fish photo easy chase will toddler guitar trigger beach badge vapor boost 
rabbit gift slow learn fuel kid stem abuse resource virus sketch wisdom 
upgrade grab affair left crop mesh elephant sea galaxy canoe satoshi vast 
feed ask attitude tuna habit use chief skill deal shed budget pact 
absorb need curve play panther retire domain task celery subway oxygen sting 
title uphold veteran ice dwarf hurdle repair example pet tag clown canal 
warrior defense stay wise oak will emerge board hungry razor awful snake 
dog pet fancy bachelor tree jazz citizen question base glimpse anger village 
spell jealous fragile banana sand enemy chef nut casino unfair luxury total 
brick below have consider evidence afford identify lamp around alert ramp deny 
tumble olive devote sheriff media satisfy earn another rent night kitten harbor 
there ability rule addict smart rapid index noble suffer wink raven paddle 
gas spread matrix little essay wedding tribe clean spirit jaguar discover abuse 
knife maximum wild split fringe round business summer prevent popular also disease 
very long dog mixture seed below scrub song control blind order true 
direct suit dynamic pig sponsor wedding rent assault river release radio sure 
mouse jealous actress repeat ghost gift velvet thing such strike fashion guitar 
blind oyster price describe beyond fatal harbor figure gasp proud dolphin divert 
blade predict noble pole toast parrot corn humble silver illness boil basic 
merry roof dizzy fatigue barely lawsuit fashion lift friend enjoy rough estate 
liar split bundle student bright wink cupboard draw monitor sun reduce bag 
scrap hobby delay almost song symptom surround poet impose job pluck brother 
sauce tree border there renew spoil general congress bag neglect humor theme 
steak afford grid version light rebuild rib confirm know ahead laugh twenty 
latin lock jewel organ raw huge impact cup goose excuse turn day 
impulse tired large chronic push evil donkey slot escape cloud vehicle galaxy 
address farm grain crime fly country ocean crucial spare century process mouse 
answer burden extra cram lab host guide supply vanish snow pool slender 
fuel marble outdoor success story cover anchor fine later useful hat hundred 
glow safe tobacco discover tower trial youth change minimum denial curve spoil 
stamp tag mail bike mass february moment abstract card area giraffe chaos 
day end steel curtain fruit panel lunch crumble improve sight vessel slot 
common dumb science affair grant surge viable increase era write confirm object 
champion crack demise shift cabin shy view resource wish jar game engine 
write faint witness boy undo reform abandon diet answer quarter put among 
nephew magnet cluster peanut trash twist ticket album baby sweet disease weapon 
fly push cereal include ozone remove whip genre unveil rule tomato document 
twin casino diary world wear coffee february pledge today veteran stay unique 
tower scatter seek heavy clump sock mystery slender nut chat flee arrest 
liberty print sand purse kingdom weird tape bag vivid topple slab special 
view record salmon execute company faith target minimum visit hour pave asset 
ignore lyrics syrup across identify build garment mandate tobacco giraffe soda amateur 
excuse tool ivory gather next wage race acid private client attend logic 
someone act congress mirror edge shrug denial enough infant delay hybrid mass 
orient short prefer belt squeeze grass disease blade humor salon release lunar 
pudding mansion stadium burst goose mammal galaxy garlic word that gorilla sell 
crunch embody insect saddle afraid helmet arctic robot unable cable path silk 
decline alien enrich dune item receive stage blanket royal capital identify never 
dynamic volcano silver weather furnace resource immense engage heavy coil position limb 
equal marine scare wine orchard style piano proud struggle gap asthma over 
more wheel such foot glory ethics side reveal vacant wood frog surprise 
tennis apology outer coil nurse fault present sphere pizza double divorce actor 
salmon stage crazy neck memory security ramp gun regret timber enrich kitten 
smooth sphere relief fault answer stove today medal idle maid offer foot 
sausage firm case proud artwork enroll fruit wrestle annual cabin wealth silly 
mask wear letter vault glory satoshi sentence lens carbon example sick error 
repair delay glory fever nice hole payment pledge shallow brother purchase ready 
elbow excite task explain laptop fitness luggage game faculty payment region vendor 
visual black van obscure aspect jaguar proud until road rebel junk amount 
goat board exotic auction student cereal you practice develop melt morning pear 
maze wet impact already motion fork medal they cricket thank grit blanket 
differ silly subway gold hover mandate neck vessel wasp riot palace remind 
donkey wall certain property ahead cactus depart strategy venture trap april pretty 
large maid mimic luxury enhance agree ill click rigid muffin live audit 
stand nerve peanut guide crew model blame resist decide dash true payment 
cram unknown before push erupt civil purity bracket defy bubble favorite width 
give economy rotate salmon pilot strong couch version kind legend female struggle 
mimic borrow runway clock trust exit blue luxury prevent isolate mind advice 
chief spare split type close tobacco rack trim lamp rib brush champion 
spring afraid drama stock female aerobic erode early enough vicious inject agent 
rescue damp you nothing toy version amused behind napkin vacant vicious prison 
royal ship warrior tank control exhibit case huge estate wool quote fitness 
saddle remove odor broccoli alpha pen game area bounce daring submit segment 
dolphin this off candy when topic left fatigue eight whip device input 
account service caution virtual runway place mask exit physical effort task goddess 
autumn situate pride round fold wet student fire practice remind fan border 
vast food recipe turtle room soup own rifle address rate bar purchase 
lucky crack update face script evolve purse garage spider globe vault tumble 
horror engage guide april valley relief wave question process olympic marble auto 
wrestle blush future boat tip excess frame weather random floor laundry slice 
mango artefact improve update garden latin special input shove sunset pyramid afraid 
act arrive guess park wrap chat rescue assist paper stick sign popular 
sting tornado knee side stem width wise fossil tourist point attack forget 
elevator movie north soup fee age earn robot capital legend buzz subject 
figure tribe ignore brave hold plug snow exotic master crack dynamic metal 
curve just lunch risk few correct return orbit lava motor amazing meat 
position smart tongue royal carpet prosper early mandate almost shoot honey number 
judge skirt banner return enough visa trouble movie riot exact tragic nation 
exhaust math switch brass brush promote solve recipe abandon siege disorder frown 
recall where canyon fresh cliff view close style life fortune degree misery 
road hurry miss gather valve grunt decide joy truck mango artist unlock 
airport moon fresh pass dentist certain main vicious fever job attack peanut 
danger eternal elephant lazy cabbage jewel lizard timber mutual speed flight picture 
rotate able urban actor detect live chuckle sudden problem pulp alone market 
grape outer use december spring range visit puppy omit rose pride bless 
aisle theory apart float shrug supreme crater use speed scan half remind 
project absorb side tiger hero soon upper omit glance initial flag submit 
shoe gentle oppose track account eye emotion gain sense example hurt deer 
program bamboo they party forget entire ahead hold great keep series prize 
tumble supreme furnace pluck crouch dune canyon enrich win replace fortune stage 
will science window exhibit dress rich bean state soda believe humor second 
demand safe will number text fitness bomb kangaroo obey moment profit rural 
clean pledge tornado ticket typical resist craft satoshi era cricket math drum 
spatial door unusual space small cushion plug scare december jungle flavor ranch 
race clock slight behave skill beyond fade wage faculty organ caution amateur 
sheriff swing palm ceiling jaguar offer post eternal pave diagram ensure march 
victory delay teach ankle forest clinic spoon diagram raccoon appear turtle science 
innocent toy intact ripple clog fantasy hunt burden grab grit orbit armed 
skill link joke resource sweet property inner river phrase try blossom domain 
dune trade garment table risk shoulder scheme girl peasant mail exhibit differ 
silent cute pink execute fence table minimum invest alien duty panther wine 
release clown music unlock boat what like blanket enter invite taxi robust 
grape mad job tonight fresh romance normal world once fly stick phone 
assault bracket absorb pet snake truth steak upon fence find flight humble 
lawn tape true lobster luxury romance fatal invite tuna stick slice inspire 
index risk wage master field harsh loud casual nasty dance idle unusual 
famous correct special loan tornado wheat rose jar describe crew ribbon borrow 
whip faculty phone outside define fork raise diesel avocado enough unhappy account 
thought couple police client soul slush real shy jacket drop harbor grass 
marriage defy hammer cover hold demise model glove arrest traffic wolf segment 
tonight midnight clarify plastic private culture card sing differ circle episode female 
phrase matter stick voice forum lens skill weekend wisdom fiber ecology phone 
festival pluck cage still birth shed require ranch trade october work resist 
bronze excite vacuum case century ordinary help wish staff symbol build road 
finish cruel trick wonder danger pass brush bone stone sorry behind sibling 
trumpet anger brand extra ability quiz fuel sunny soon rhythm where desk 
motion word benefit across math crush donor improve car blame announce alley 
scout enemy consider aspect ladder decorate finger outdoor ecology this hamster near 
eye industry life detect garment bind luggage clip drama differ honey street 
used lady large charge deal mirror close fatal swap grant code order 
naive hamster skull large east major welcome present arrange license rib slim 
pink turkey canal thumb can royal sweet nothing lamp wage pigeon fossil 
explain pony snap solution stuff wild trim pole employ train divert vivid 
congress chunk firm gadget screen crash viable predict gun purity lemon once 
diesel shock judge cable cruel current universe injury scorpion vault ask grunt 
chicken near inmate donate walk mixed toast cycle say milk spare barely 
baby limit hello ozone fruit thing reflect amateur define bench ecology dragon 
scan antique point upper turtle baby wealth claim code ketchup cluster sauce 
pony suit normal version assume token govern warrior drift sweet choice engage 
wear advice fossil vivid bind energy enlist cloth accident inside pipe fresh 
buddy soup hotel use eye bronze seat bridge bottom clutch flower middle 
all goose anxiety inspire evoke feel total inside omit tongue govern salon 
crunch ski joy shed city satoshi million option quantum sense easy saddle 
random hurdle fortune purity penalty local holiday throw cheese story swim denial 
daring spider hire panel final picnic rally mandate goat shy jewel design 
chimney shrimp sweet satoshi they deliver olive core hub tribe balcony jacket 
address salon inflict clean hospital ritual strike powder life sad donkey motor 
horror garage victory potato oak tortoise practice claw banana bicycle adapt desk 
alien cement earn scorpion tree cream peanut noise adjust bamboo family scale 
drop gate chapter offer legal slot estate pumpkin sphere layer luxury ramp 
surge express toddler neutral clutch increase excite dice helmet dress puppy upset 
predict light glow twice ridge doll release document desk region diamond pattern 
category sight genius pact perfect ticket garlic bind suggest wagon discover illness 
vintage ancient aspect suffer round rival step total program book true someone 
day empty chronic deposit grab member okay draft lemon foot cheap divide 
dizzy oyster track one wisdom begin melt nation replace calm weather they 
agree this bomb police corn review action reduce slice reopen write cash 
milk iron cradle sweet invest script issue settle kite pair uniform write 
farm patrol toe broom problem tent ice diamond carpet sample regular essay 
focus panther museum immune yellow high champion defense click pudding thought chat 
earn runway uniform bonus prize arena endless odor carry artwork royal leave 
bar same erode maid still frost theory school nature tide shoulder arrange 
vapor carpet caution post expand coin object cycle federal burden begin uphold 
raven knee page wrist disease bulk devote steel skull energy muscle giant 
early daring arm erupt ring quarter web define mansion winter tenant rebel 
frame winner jacket oyster power element toe aim client kitten hello situate 
mind certain ivory only bean during rich vacuum rely can hunt letter 
fancy spider typical project hip tray entry reunion salute never stove keen 
flower faculty slide corn small chair close history panel method bicycle bird 
mountain field fever rack drive notice property flight sorry gesture inch add 
boil suit reflect cage make engage capital sun gain also wage purity 
hobby pistol innocent plug twenty tank final resource attend federal test trend 
ticket arrange whisper umbrella keen canyon detail peanut goat marriage syrup flock 
since venue gain sketch source cherry toe design round hope pill unaware 
walk trap bunker enact mechanic glare green holiday spice olive tip syrup 
captain rely aerobic session brown jar embody diesel vicious cotton crunch chat 
fit carpet visual bundle laptop army until gasp punch edit local shallow 
cigar siege ignore buffalo brick worry pass sustain want popular cruise key 
high magic aim cash liberty weekend rain push ladder rapid payment song 
goat try fog era brave have rocket spawn marble sport seminar trim 
mother impose raw bonus cross blue soda course trash loyal squirrel midnight 
reflect echo horn fiber snake below juice dinosaur dragon valley pig pizza 
pave tobacco glimpse brick lazy pupil limit bright half guess primary ribbon 
relief letter velvet royal aware exhaust key fetch undo liar aerobic sun 
table fall wool any ginger connect crowd orphan scene pioneer asset nasty 
soccer luxury deal guitar relief owner route rose exit produce dove soda 
hedgehog echo portion giraffe hockey turkey recall artwork faculty solve then truly 
eager motion visa spawn trend spread genuine novel dry brother strategy short 
mom depart apart inmate wealth produce rural element elegant shy worry visit 
void problem virtual metal jealous magic decade assist hard bacon frown ecology 
tenant wedding pulse danger pyramid one egg guess poem drastic spoil exotic 
wheat dust future mention diet scene achieve face asset pledge faint plunge 
day level subject spot useful arena curious gun crack body effort acid 
ancient armed tube machine doll elegant vanish blood cargo amateur climb example 
cycle dignity thank earn waste execute dial rally drill weapon drum father 
large canal until siren silly behind tongue melt bag document route will 
gaze palm grief marine truck imitate tuna patch list antenna human stumble 
middle symptom inform client sword sunny this energy dizzy match master annual 
hurt notable normal solar age arrange matter regular strong uncover ribbon coyote 
crane town output crowd wage december caution subway cricket tired ocean cash 
poet banana mistake resource reflect burden exile suspect angry remain horn raw 
cry maze shoe slim source topic devote shield return wide win stadium 
virus hybrid battle fall cactus egg stay firm penalty price hurt canvas 
upgrade cram sock wire worth major wool pigeon explain deal rare robot 
peanut tomorrow blur climb genuine dirt next iron claim loyal border unfair 
machine bounce swamp seminar gasp dash witness wise achieve tragic timber chest 
digital range uniform engine brave citizen black early piano mail sentence wrong 
army describe monkey know minimum owner excuse trophy engine leisure family produce 
tenant cheese ask symptom fold syrup ethics cute turkey seek hand rug 
around attract unable business autumn loud canoe kind mind script inject virus 
leisure enrich protect tomato library picture powder marriage keep learn ancient roof 
useless old toe upgrade analyst embrace odor symptom course exotic raven lobster 
seed auto cash emerge give eyebrow supply pyramid credit argue wreck simple 
moment coconut embrace master meat depth accident jazz exhaust pioneer myself blossom 
illness tower fury swim despair mosquito follow indoor offer basic require design 
sister resist gun winner outer issue text razor risk crazy embrace large 
charge gospel borrow lamp script ten decline squirrel divert ship when file 
cloth session adjust monster cage raven dream sort grief eight south novel 
lava online organ private defense solid palm stick rally enable record trap 
camera solution trust one drastic mouse edge dove family knee like above 
wine umbrella laundry degree purity disease hole general trophy auction blanket occur 
nephew portion chat cushion open snow idle client alpha again rocket group 
sense inmate fresh obtain crouch door wasp agent bird absorb crash roast 
category tomorrow still across skull pulse easily matrix visa rose unknown away 
antenna better trial water define robust company donkey safe parade trick sun 
future game wool belt turn marriage school melt flash welcome helmet explain 
diagram fury eager asset end marble town siren crazy jacket above beef 
valley upper flee crane hospital hotel horror material project symbol satisfy section 
depart aware engage rifle expand spoon dust final smooth blanket spare coil 
check ordinary fox guitar glance slam piano lawsuit need reform garment elbow 
cheese wink mean minute play dress clever finish club human ribbon goat 
topple scrap vote glove fence recycle edge cave almost moral option draft 
barely cage churn patch cereal network differ insect bunker artwork kit nephew 
conduct burden large half credit post sad blame often sword cliff pioneer 
harvest float display since minimum ceiling session maid begin diet juice index 
mother poet stadium bar diet domain must spot cloud curious scene dry 
creek lemon pear blur robust exist horse history portion evolve embrace merge 
agent violin enter pet approve stay become kit vehicle gauge quit frog 
travel energy connect property unit crater slow adjust gown say model person 
deer cousin adjust hub segment lend guard female girl shaft increase fabric 
exact smoke entire wrist remind buffalo sustain chuckle powder thrive assist hamster 
cotton only actress verify reform illness force equal use waste solid abstract 
repair corn lunch tank film angry clinic drama clip type vendor purpose 
question swear require crunch brick stable lava accuse truth milk robot debate 
yard social into nest fragile wrestle retreat bid palm marriage stairs castle 
confirm cup aunt swarm habit version oval draft shadow alone yard surface 
spike paper organ actress alpha observe series crucial diesel live disagree artist 
exercise ethics tribe often celery two frown save retreat lumber doctor trade 
foil tackle harvest welcome mutual again crunch frequent lazy thought punch shrug 
glue pill flat exercise sword favorite ecology long soul awkward verb second 
public coil split goose purpose tragic system medal wrist hunt taste salute 
universe cereal blur museum trade spoil bunker seven method trip hedgehog medal 
choose abuse firm baby light various bitter net improve horse chuckle history 
path  issue predict guard equal medal current soldier neither any episode 
drum theory cherry erase tray gain steak target head option hole someone 
senior old fire music deposit divert mandate six ocean waste sunset mirror 
easy area bring manage beef genre oxygen toddler utility ask sunny way 
february play near unusual cruise avoid reopen now sudden start thing festival 
hedgehog alcohol card hint blind together urban quiz carbon crouch vacant cart 
this merry kiss cart auto young margin venture shine bike valid rough 
broom habit lens security term fun plunge omit matter any oyster boring 
orbit around mass cradle sing dwarf rapid sustain mix evoke finger shine 
swamp avocado appear guilt yellow coach shuffle save width dutch fat sock 
coffee island soft vintage unique legend priority own panic glimpse eye skirt 
interest flavor cliff stool subject useful twin property next knee canvas warm 
green song hen blind asthma island outer canoe dragon fabric oppose equal 
suffer scrub donor script anxiety chuckle purpose pilot trick depart video library 
tent arrest region machine plastic sing grow almost once capital stand craft 
balcony grid egg sister hill ready core brick rich release enrich hollow 
total excuse loop inspire derive cool spice obscure fever file fringe grief 
delay rib black item broccoli lion voice gun dash gain kiwi hidden 
code champion hand shoulder hamster fade first planet west chalk peace page 
cube prison still gain manage check rate business midnight produce sheriff inform 
swap wing conduct thought like disease track story round tomato team keen 
since medal act permit ability season original disagree pipe craft music buddy 
ozone into mixture maid impulse elephant salon chunk coast weekend inmate valid 
hobby mechanic empty grant artefact sauce cream slam satoshi angry already office 
pet frame fire vital police gold rotate border lamp marriage add secret 
coach naive key puppy syrup bracket trouble trust toss decrease balance drum 
wide dog proud meadow soup purpose gown fade love silver police stock 
door shuffle crash scale tell august angry rough document fortune since script 
disorder produce frequent salute victory expose find duck vacuum jungle super crumble 
globe cousin ivory battle raise volume wheat review square hockey perfect gown 
now moon distance pilot struggle basket enable dash flock smart bright sugar 
regret rocket junk token brand remind town soft crush law symptom melody 
stairs foil embody hard drink bring hope enact very lottery equip pitch 
ball original transfer circle fork vocal echo sugar engine impulse rural coast 
file able matter patient people salmon educate mobile tree train pink random 
melody trumpet spoon bag below echo thing perfect domain street cabin unusual 
victory quantum elephant prize punch surround alcohol pledge point stadium first moment 
similar try tomorrow adult can bean slender dance slot pear bridge pottery 
sleep sword limb often mercy physical deputy palace circle toe grief grant 
world crouch mix palm install edit denial eager august project erupt idle 
lava rhythm crisp odor spoon switch label hedgehog guilt hobby response fish 
spawn fire shed poverty umbrella arrive dial style coach metal quantum olive 
slight famous snake hunt clean consider broom tag pond humble wink series 
hurt donor notable arena struggle truly prefer injury violin arctic check hole 
under access nature elegant muscle atom ridge skate measure earth august slush 
pottery pyramid exercise salute fiction champion shrug brisk picnic movie verify found 
drum grant soda much switch harsh east change deer rural wing tuna 
elephant script next answer funny pony grid soap patient clip real pride 
dirt order wait link between canoe twin ring salmon rhythm sign initial 
clean concert arch gasp document body clerk bronze coast broccoli tuition banner 
crush invest clean assault trip medal judge ring pudding index bench swamp 
inner ridge club flag net stock mix actor feed cushion social rocket 
solar good beauty volcano furnace repeat spatial dragon universe rib video face 
there execute swallow matrix rain evil humble alter three awake sentence exercise 
vague asset expand endless course spoil prize toilet sail later ready thank 
knee enhance place cup fantasy burger ladder garbage fury lucky hospital float 
regret orange demand focus buyer power chronic shed fantasy benefit oppose coach 
word mutual orchard scatter wait desert wash amount ripple critic output buffalo 
what bomb filter old blind input crew unhappy blanket enable inch day 
library access ghost board animal panic scare extra luxury pioneer broccoli upgrade 
vacuum enemy arrest betray relief gorilla silver crash razor step kid lunch 
leaf wave witness focus assist history prefer duck wife meadow knock muscle 
history cake swap lunar clutch entry super nothing suit egg prosper tuition 
letter bracket pig analyst mosquito still mushroom argue capable spike barely whip 
special unlock amused trouble galaxy brave abuse deliver blood curious rebel february 
adjust web scheme coin match tip latin correct height over security invest 
desk alien health local begin make arm urge hire nut age prosper 
noble grit round heavy rebuild crack offer crunch myself limit final agree 
tone soda left good camp penalty middle approve marble flash mouse current 
oak chef help orange cabbage verify assume dinner chat report hamster inhale 
void exit frozen goddess noodle figure raven coyote injury cable theory gospel 
fire dinner rhythm attract sea canyon fatigue model grape finish salute scheme 
scrub fashion online deer trumpet because guide invest have before duck fee 
position pass report service thought large palm man soup gold reform neutral 
mass upgrade spoon maze shift gravity inject book wise beauty fruit maple 
island caution mirror hedgehog spring want exhaust test runway cloth raven switch 
lyrics present lazy safe drink scale diamond aspect outside surround skull echo 
achieve nasty bitter control aerobic wealth pyramid cabin tourist usage join amazing 
divorce response neck chronic pioneer coral since before predict bus trend chunk 
post track assist ancient flame pole renew real burger canvas earth struggle 
hat paddle ride kick misery side man sick song elegant scrub friend 
timber duty skate obey author rely valid subject upgrade limit race dash 
assault year leisure review cradle lesson spy silver embody gravity abuse erupt 
goat very square need domain sister aunt melt ozone vintage crack small 
hole brain umbrella garment base patrol boss own merit like spice viable 
motion damage blind source salmon agree more question pledge oil bacon rent 
gap fire shaft debate idle evil case hurdle taxi convince sing lounge 
laugh credit rabbit volume venue tent delay brand swift armor husband pupil 
fossil vault urge sister magnet type diamond quarter annual soup sense chair 
target boy humor happy obtain wire fence piece crawl notable trust rule 
tool sniff fatal kite luxury tiny blade undo nose feel polar panther 
sudden cannon winner brown agree visa keep tail diamond erosion inject enough 
immune profit reduce bless swallow puzzle artefact saddle later busy fee occur 
excite month eight switch diamond exact rookie opinion food erase pioneer wagon 
unable pear region trim concert ring aware rose chronic illness pattern duty 
uncle spin popular uniform buyer faith style job prevent loyal arm moon 
antique review twin leaf spice caught left ride orient begin script accident 
random orchard tiger sick alcohol invest video what morning frozen aim turn 
tired kid tiny tonight ten actual mad industry brave nice jealous magnet 
jazz arm route gorilla sell social remember surprise guilt basket chalk rule 
rug health suit arrow grain dust vendor join cloth slot glide hunt 
suggest buzz aerobic winner capital desk sign curve slow disorder appear comic 
tail ski senior lyrics lake blast cargo utility kiss giant outdoor amount 
alley garage squeeze bid reduce document easy destroy indicate wage dance caution 
happy holiday pride glance romance always later type hungry alert mosquito tired 
access device cost real test huge rude topic time dream picture label 
cause physical blade eternal innocent until print carbon air lumber thrive endorse 
harsh feature minor boat mechanic ladder ghost exhibit either enable exist floor 
school web then broken approve tenant accuse embody bid great short asthma 
alone champion benefit small inject issue emerge pulse chronic december electric reopen 
debris fork cycle duty hero reveal cute since small version army sausage 
error wave series tell swear online auto crack energy joke add huge 
produce decline first correct exhaust balcony waste twist school bring chronic victory 
ripple smile mercy guard fuel marriage deal idle mimic carbon light rapid 
slice idle law favorite riot check half dove boat chapter gift laptop 
system engage frown hawk funny bulk angry way fluid false ensure night 
question merry dove verify dune mango artwork rescue labor witness oxygen jaguar 
act culture action fold carpet armor clarify execute desk wagon help finish 
purity spray assume tail ski wave unique install wood hamster twin antique 
lizard tent adult vintage payment potato scatter sleep skirt father simple ozone 
various faculty charge message involve pistol beauty story tonight spawn supply song 
abandon gorilla arm diesel switch dilemma doll tooth govern stone people shift 
blush govern coral print outside faculty actual kid hollow mother arrange giant 
glove fault damp control neck initial enter aerobic diary together squirrel welcome 
under loyal female chapter goat armed version apology genuine envelope yellow awful 
enter spend curious future south wire dream caution error liar purity lucky 
sentence foster clean retreat huge puppy pole wool fine grief tomorrow auto 
scene bike park cheese abstract giraffe post allow supply kitten vessel seek 
frame fatigue chat good labor absent wave attitude pioneer palm truck leopard 
cactus used airport hurt party scissors slogan label step million patrol fine 
trade vocal cabbage tilt sister industry lunch kitten lazy spell drastic renew 
nice dirt tissue derive reduce noise smart fancy dune sock oppose replace 
salute truth asthma casino coin output unfold dove journey charge advance motion 
scheme shine flock you cigar flavor maze valid flag layer rough inner 
find gather way potato song any buddy guilt easy abuse nasty amount 
sense scene plunge minimum sadness rigid dilemma bone arrest hobby dry upset 
milk mirror name egg slide tourist excuse wait basket identify strike wheel 
vote weird eight you illegal slab family keen resemble author below nasty 
energy pass whisper glove cupboard mind dolphin scorpion enroll public medal tube 
like blast bullet album ask loud ignore fragile barrel leader silver desert 
advice lion swamp exchange panic change certain match vague depart donor ghost 
cart okay citizen grunt bind offer female fluid case jeans cool fall 
fee matter extend size embark rather tail shoot satisfy run floor hill 
bottom dust embody guitar ready ethics pause marriage alpha hybrid much forum 
volcano excess error write derive brush load problem library organ vague critic 
note human skirt picnic bachelor puzzle giraffe state test arm oil column 
gym average enact acquire skill young deputy slight equip goat grocery grunt 
shine giggle window mercy ramp power pride piece quit comfort render cargo 
behave early grief panic hole bench display report first tone design album 
absorb abuse crowd win staff chronic hill also slam scatter polar tiger 
mushroom grass hen never allow lock stomach monster infant typical dad avocado 
any effort cheap mad indicate before dinner salute number display disorder roof 
word remove bounce path fall dinosaur cheap dinner village rule base property 
palace lend offer bulk purpose shock foil wet service add village blush 
indoor sustain face humor future copy hurdle shadow merry mix lake potato 
lucky funny write beyond hero federal exotic excite lock hunt security hover 
laugh subject public cup adjust year bone fuel emotion fix argue ostrich 
dwarf plate letter improve spend news oyster school guitar chef stable obtain 
machine sheriff faculty marriage tube powder cost vacant announce husband curtain gift 
swift will six solution ethics candy woman spatial duty cheap fit cushion 
river erase benefit earth busy dash jump spy twin leisure amount kiss 
tortoise horn oil drift congress sunny valley lawsuit cry urban absent wisdom 
height march artist change waste vibrant casual dog fold slice clump pole 
year attack relax develop heavy flag parade nurse pole budget immense gather 
differ letter captain wise price north system health benefit divorce sick early 
quality grunt pig mirror glory curve train divert endorse learn canal gorilla 
lion cake clip future south sauce quote tornado common parade pill spell 
impact sudden enroll erase stereo afraid fiction slender shed galaxy become choose 
prison across air throw sick erupt gossip convince bullet hurdle stand wink 
segment ostrich connect permit crucial lava since cross shop wealth entry increase 
wagon law proud deal purpose whip chaos private teach quit apology team 
melody uncle galaxy margin ancient grocery message soap harsh pear puzzle entire 
pear moment guide unaware quiz confirm extra warfare hunt model then bundle 
gallery student minimum split help announce explain stove order scorpion erosion canyon 
swift drill dice safe focus obey bacon mandate wet garage paper umbrella 
clerk resemble stock false fit left nation dry toy sick shoe early 
call yard glory dutch walk hammer net envelope resemble gate again setup 
wreck join spray wrist mirror bless credit foam thought legal claw street 
measure twelve art lucky senior slab nasty pony control steak visa salt 
coach asthma spring inquiry mad derive roof slab cupboard live thing oppose 
destroy inch chef face drift then clown wise absent frequent minute engine 
avoid cluster predict armed present put begin cart spice plate finger water 
timber monitor collect tonight warfare maximum worry enroll guess debris view pond 
congress capable repair boat junior hello equip awkward churn employ slight rescue 
sand hamster tired engage degree opinion rather humor matter rose main price 
observe diet minute hour essay way small right cruise faculty decide school 
naive scatter spin illegal future method grape lens replace ripple bird wear 
cover cash limit myself cry cage sun repair record dove employ cruise 
middle soap blood remain tube motion rhythm eternal index cinnamon course fence 
kidney unlock diamond journey daughter main rotate unfair tumble birth captain pledge 
rather lottery file shiver demand stove mouse another start coyote thank parade 
gallery mutual exchange special story father scale thrive wear corn aunt tip 
little tiny simple great science forest chaos someone nominee miss option weapon 
goddess treat regret adapt female flip cruise student pencil angry audit inject 
actress post seat uncle attract plug size this magnet version remind tip 
brush now oval version sausage peasant promote replace pretty weapon extra pigeon 
endless sponsor tape antique sort steak urge below leisure execute divorce label 
bunker episode nothing audit enable cause need crouch arena slide forum improve 
exotic february scare explain voyage six alert lamp pyramid cluster immune fruit 
theme case version hard cook damage reward together clown neutral involve pause 
tell cargo balcony gold allow pitch pass common receive armed patrol frost 
venture logic deposit whale balance tube spare snap morning park pitch middle 
trouble fluid hope false police solve matter cargo material indoor thrive peanut 
bonus add cattle husband fitness behave junior waste world fog loud tourist 
barrel enhance quick sock address actor risk window pistol luxury jazz surface 
vintage define demand gasp marine scheme cluster feel canoe benefit verify truth 
trumpet drip powder gentle impulse prize property own chat evoke box august 
hill concert inject bus nuclear neutral force tone army spoil oil follow 
urban lawn lobster mutual opinion student east galaxy pair aerobic junk gentle 
child hint argue index notice lift fringe adapt ostrich roof bottom insane 
old captain fluid negative cute bamboo way fade chaos purity bachelor novel 
assume era plastic fancy sing abstract deny cancel case pencil destroy ostrich 
practice host bounce elephant oven easy broken bachelor van project donate smile 
time junior muffin strike potato fee immune wife key dinner border muscle 
scatter retire tackle harsh green urban spread flame chief club off resource 
marble fantasy trade among joy crew sense gesture wolf bright laundry brass 
again eight punch faint produce tortoise stove wrestle ankle long dragon scout 
number name kangaroo swamp tube unit detail second sketch naive believe people 
response mention multiply guilt capable february struggle shield open system brain toy 
swap father impulse cash latin digital diesel retire assault exact yard evidence 
wing slam advice purpose erase now empty stone cage asthma property process 
armed yard jacket gauge turtle thought sense civil common fox giant idle 
hero tone then dice infant glide casino drop shiver hurdle stove march 
clever mandate girl ritual april envelope citizen regret write burst brief element 
lobster wedding tilt split fame crew glove loud define audit hold fiscal 
derive jacket muscle include jelly concert fortune question change narrow kidney enjoy 
poverty garlic situate feed swallow athlete ahead pottery expand budget theme develop 
flight resemble suspect runway right thought start bottom water meat very advance 
fortune youth vague shop brave assist decide invest body cycle crane child 
broom blood just enable another will force foam cactus black avoid invest 
eye symbol vocal rain ignore cup beef aerobic heavy pole sing chicken 
neither fashion guide master enlist axis remove mule fade give fragile benefit 
crowd choice loan divorce wood romance rubber about farm truck trim wasp 
also helmet unaware various huge yard door grocery video desk easy truly 
dial chase grab first luggage ill actual document effort edit pottery valley 
shed relief joy theme type error amount wine armed risk sea merit 
dumb lizard maximum rack caught feed doll service dad rent response elder 
ticket warm leopard city under impulse engage vehicle identify warfare lizard unhappy 
game slot loyal start finger again silly use hollow grape grit powder 
actress mandate sauce culture stairs hair dash phone neck tackle miracle increase 
honey collect ceiling mouse program artist cactus slush inner tiger category february 
river stumble outer position ignore laundry inhale account boss inner stick jeans 
comfort rent better faith favorite atom finger fix treat onion plastic immune 
matrix drift trick diesel scrub angle learn juice render kiwi december lucky 
movie chair snap destroy dinosaur off rural ranch analyst hill lemon obvious 
clean coffee cancel citizen sauce example solution make verify cram return palace 
square measure burger ability client left exhibit license indicate swarm swap age 
source elephant cycle boat destroy craft about space host surface area dentist 
fee lyrics raccoon bone step arctic slim erase output sting valley aisle 
burst castle cram wise blush fault target wolf stable dish advice upon 
jelly false section team bread deposit argue large gather canvas sunset horn 
useful escape giant inside network involve reform cabbage april cousin news boost 
easily fiscal tenant warrior crash load protect cheese happy away vivid diesel 
correct pave amused brave nest digital foil camp habit erosion pigeon curtain 
morning misery police judge permit pill east top oyster photo option scene 
someone angle control solution wild moon size logic social century crowd only 
sad next ten latin fire twelve faculty hospital canoe stand hedgehog radar 
abuse alter trick lemon genius guilt giraffe tumble double talk tired punch 
march glance company obvious pig order devote bulb leisure habit random blanket 
claw salon beef damp robot exile grow cluster fitness foot glance harvest 
mimic achieve melt shoot patient  luxury embark satoshi slush marriage crack 
trouble husband village miracle kiss long bundle direct pig almost pipe gas 
bachelor unveil suggest note simple exhaust feed dance act truck enrich raw 
card flower black banana object clarify early issue agent effort detect reject 
puzzle message bounce brief country limb fine shoulder hold thank calm clay 
blouse flip inner soup civil transfer shop staff price cake cancel female 
fan bar topple desert say effort chair novel code sort junior carry 
hazard sunny question pool guess cushion south spatial hire visa coast pledge 
win display alien eager expand nuclear monkey make another rose silver illegal 
happy destroy unusual kite cycle crop sing toddler cart shock check frequent 
wise liquid require staff clinic pig muffin answer hood shrug fish love 
toss rabbit theme fortune pigeon unique tank system double myself myth oil 
mix degree artist toddler release angry style glory road stable catch wire 
pitch blossom secret detail beach mean anchor hidden any female host error 
blossom carpet oil endless major sniff come nerve lonely ugly rally protect 
glad erase divide fan drum dog midnight solar sweet problem wing route 
finish fence present hip bunker humble super same tattoo museum egg vehicle 
into garment cover hammer tree mansion margin left ignore target crack mutual 